------------------------------------------------------------
TimeQuest Timing Analyzer Summary
------------------------------------------------------------

Type  : Slow 900mV 100C Model Setup 'clk'
Slack : 0.128
TNS   : 0.000

Type  : Slow 900mV 100C Model Hold 'clk'
Slack : 0.221
TNS   : 0.000

Type  : Slow 900mV 100C Model Recovery 'clk'
Slack : -0.102
TNS   : -0.199

Type  : Slow 900mV 100C Model Removal 'clk'
Slack : 0.580
TNS   : 0.000

Type  : Slow 900mV 100C Model Minimum Pulse Width 'clk'
Slack : -0.550
TNS   : -0.550

Type  : Slow 900mV -40C Model Setup 'clk'
Slack : 0.092
TNS   : 0.000

Type  : Slow 900mV -40C Model Hold 'clk'
Slack : 0.147
TNS   : 0.000

Type  : Slow 900mV -40C Model Recovery 'clk'
Slack : -0.173
TNS   : -0.335

Type  : Slow 900mV -40C Model Removal 'clk'
Slack : 0.598
TNS   : 0.000

Type  : Slow 900mV -40C Model Minimum Pulse Width 'clk'
Slack : -0.550
TNS   : -0.550

Type  : Fast 900mV 100C Model Setup 'clk'
Slack : 0.508
TNS   : 0.000

Type  : Fast 900mV 100C Model Hold 'clk'
Slack : 0.160
TNS   : 0.000

Type  : Fast 900mV 100C Model Recovery 'clk'
Slack : 0.391
TNS   : 0.000

Type  : Fast 900mV 100C Model Removal 'clk'
Slack : 0.322
TNS   : 0.000

Type  : Fast 900mV 100C Model Minimum Pulse Width 'clk'
Slack : -0.550
TNS   : -0.550

Type  : Fast 900mV -40C Model Setup 'clk'
Slack : 0.579
TNS   : 0.000

Type  : Fast 900mV -40C Model Hold 'clk'
Slack : 0.111
TNS   : 0.000

Type  : Fast 900mV -40C Model Recovery 'clk'
Slack : 0.465
TNS   : 0.000

Type  : Fast 900mV -40C Model Removal 'clk'
Slack : 0.271
TNS   : 0.000

Type  : Fast 900mV -40C Model Minimum Pulse Width 'clk'
Slack : -0.550
TNS   : -0.550

------------------------------------------------------------
